Assembler report for qmtech_c5soc_kfb_dual_sdram_ghrd
Sat May 23 02:39:56 2026
Quartus Prime Version 25.1std.0 Build 1129 10/21/2025 SC Standard Edition


---------------------
; Table of Contents ;
---------------------
  1. Legal Notice
  2. Assembler Summary
  3. Assembler Settings
  4. Assembler Encrypted IP Cores Summary
  5. Assembler Generated Files
  6. Assembler Device Options: qmtech_c5soc_kfb_dual_sdram_ghrd.sof
  7. Assembler Messages



----------------
; Legal Notice ;
----------------
Copyright (C) 2025  Altera Corporation. All rights reserved.
Your use of Altera Corporation's design tools, logic functions 
and other software and tools, and any partner logic 
functions, and any output files from any of the foregoing 
(including device programming or simulation files), and any 
associated documentation or information are expressly subject 
to the terms and conditions of the Altera Program License 
Subscription Agreement, the Altera Quartus Prime License Agreement,
the Altera IP License Agreement, or other applicable license
agreement, including, without limitation, that your use is for
the sole purpose of programming logic devices manufactured by
Altera and sold by Altera or its authorized distributors.  Please
refer to the Altera Software License Subscription Agreements 
on the Quartus Prime software download page.



+---------------------------------------------------------------+
; Assembler Summary                                             ;
+-----------------------+---------------------------------------+
; Assembler Status      ; Successful - Sat May 23 02:39:56 2026 ;
; Revision Name         ; qmtech_c5soc_kfb_dual_sdram_ghrd      ;
; Top-level Entity Name ; qmtech_c5soc_kfb_dual_sdram_ghrd      ;
; Family                ; Cyclone V                             ;
; Device                ; 5CSEMA6U23I7                          ;
+-----------------------+---------------------------------------+


+----------------------------------+
; Assembler Settings               ;
+--------+---------+---------------+
; Option ; Setting ; Default Value ;
+--------+---------+---------------+


+------------------------------------------------+
; Assembler Encrypted IP Cores Summary           ;
+--------+------------------------+--------------+
; Vendor ; IP Core Name           ; License Type ;
+--------+------------------------+--------------+
; Altera ; Signal Tap (6AF7 BCE1) ; Licensed     ;
; Altera ; Signal Tap (6AF7 BCEC) ; Licensed     ;
+--------+------------------------+--------------+


+-----------------------------------------------------------------------------------------------------------------------------------------------------------------------------------+
; Assembler Generated Files                                                                                                                                                         ;
+-----------------------------------------------------------------------------------------------------------------------------------------------------------------------------------+
; File Name                                                                                                                                                                         ;
+-----------------------------------------------------------------------------------------------------------------------------------------------------------------------------------+
; /home/monklp/workspace/GITHUB/__monkstein88__/qmtech-c5soc-kfb-linux-build-env/SOURCES/qmtech-c5soc-kfb-dual-sdram-ghrd/quartus/output_files/qmtech_c5soc_kfb_dual_sdram_ghrd.sof ;
+-----------------------------------------------------------------------------------------------------------------------------------------------------------------------------------+


+----------------------------------------------------------------+
; Assembler Device Options: qmtech_c5soc_kfb_dual_sdram_ghrd.sof ;
+----------------+-----------------------------------------------+
; Option         ; Setting                                       ;
+----------------+-----------------------------------------------+
; JTAG usercode  ; 0x0139CF66                                    ;
; Checksum       ; 0x0139CF66                                    ;
+----------------+-----------------------------------------------+


+--------------------+
; Assembler Messages ;
+--------------------+
Info: *******************************************************************
Info: Running Quartus Prime Assembler
    Info: Version 25.1std.0 Build 1129 10/21/2025 SC Standard Edition
    Info: Processing started: Sat May 23 02:39:40 2026
Info: Command: quartus_asm --read_settings_files=off --write_settings_files=off qmtech_c5soc_kfb_dual_sdram_ghrd -c qmtech_c5soc_kfb_dual_sdram_ghrd
Info (115030): Assembler is generating device programming files
Info (11878): Hard Processor Subsystem configuration has not changed and a Preloader software update is not required
Info: Quartus Prime Assembler was successful. 0 errors, 0 warnings
    Info: Peak virtual memory: 612 megabytes
    Info: Processing ended: Sat May 23 02:39:56 2026
    Info: Elapsed time: 00:00:16
    Info: Total CPU time (on all processors): 00:00:16


